>synthetic sequence reverse complemented
TCACTGCTGGCGGAACAGGCCGATCAGATGGTCGGCGATGGCGCCCTTGATGGCGTTGAGGCTGAGCAGGGAGTGTGCGCTGAGGCGGGCGGGGTTGATCCGGTGCAGGTGTAGCGAGGGCATGCGCGCTTCGTACTCGCGCAGGTCGCCCTTGACCAGGATCGGCAGGAACACGTCGTCGTGAGCCTGGTAACGCTGGATCAGCAGTTTCAACCCTTCCTGGAACGGCAATTCCTTCGACGCCACCAGGCGGTGCTCGCCGGGAATCTTCAGGTAGAGCCCGCGATAGCCCATGGTCTCGCCCGGCAGGATATGGATCCCGGTGGGCTCCACCGCGGCCAGCGGGATATCGTGGAAGGTGTCGTGCCAGGCCTGCTCGCTGGGCAGGATGGTGATGCCGCCATGGTCGCTCTCGGGAATCACGAAGCTGTAGTTGCTGTAGAGCTTCTCGACATAGGCCGAGTAGATGCACAGGCGGTTCTCGAAACGTTTGAGGAAGGCGATCGCCTCGCTGCGGTTGGTGATGGCATCCAGGTCCCAGGCAAGGTCACCCTGGTTCTGCAGTTCGGCCCAGCGGGCCTCGGCGTAGGCGGCGTCGTTCAA